[www.sat.gob.mx/home.html]
[backblue.gif]
[fade.gif]
[index.html]
[www.sat.gob.mx/satys/css/all777d.css]
[www.sat.gob.mx/satys/css/favicon.ico]
[www.sat.gob.mx/satys/js/jquery.js]
[www.sat.gob.mx/satys/js/jquery-ui/jquery-ui.min.js]
[www.sat.gob.mx/satys/js/datatables.js]
[www.sat.gob.mx/satys/js/datatables.responsive.js]
[www.sat.gob.mx/satys/js/swipe.js]
[www.sat.gob.mx/satys/js/jsp.js]
[www.sat.gob.mx/satys/js/main.js]
[www.sat.gob.mx/satys/js/owl.carousel.min.js]
[www.sat.gob.mx/satys/js/hammer.min.js]
[www.sat.gob.mx/satys/js/sequence.min.js]
[www.sat.gob.mx/satys/entrada/sliderengine/amazingslider.js]
[www.sat.gob.mx/satys/entrada/sliderengine/initslider-1.js]
[www.sat.gob.mx/satys/js/moment.min.js]
[www.sat.gob.mx/satys/css/fullcalendar.min.css]
[www.sat.gob.mx/satys/js/fullcalendar.min.js]
[www.sat.gob.mx/satys/js/es.js]
[www.sat.gob.mx/satys/css/owl.carousel.css]
[www.sat.gob.mx/personas.html]
[www.sat.gob.mx/empresas.html]
[www.sat.gob.mx/personas/arrendadores.html]
[www.sat.gob.mx/personas/asalariados.html]
[www.sat.gob.mx/residentes-en-el-extranjero.html]
[www.sat.gob.mx/nuevos-contribuyentes.html]
[www.sat.gob.mx/cs/Satellitea0fe]
[www.sat.gob.mx/personas/empresarios-y-profesionales.html]
[www.sat.gob.mx/personas/incorporacion-fiscal.html]
[www.sat.gob.mx/empresas/general-de-ley.html]
[www.sat.gob.mx/personas/sector-primario-pf.html]
[www.sat.gob.mx/personas/otros-ingresos.html]
[www.sat.gob.mx/cs/Satellite3d7e]
[www.sat.gob.mx/empresas/cooperativas.html]
[www.sat.gob.mx/empresas/sector-primario-pm.html]
[www.sat.gob.mx/empresas/grupos.html]
[www.sat.gob.mx/empresas/sin-fines-de-lucro.html]
[www.sat.gob.mx/satys/img/logo3.png]
[www.sat.gob.mx/empresas/coordinados.html]
[www.sat.gob.mx/personas/ultimas-noticias.html]
[www.sat.gob.mx/personas/calendario.html]
[www.sat.gob.mx/personas/normatividad.html]
[www.sat.gob.mx/personas/contacto.html]
[www.sat.gob.mx/personas/consultas-de-orientacion.html]
[www.sat.gob.mx/personas/ayuda.html]
[www.sat.gob.mx/personas/iniciar-sesion.html]
[www.sat.gob.mx/satys/img/menu_search.png]
[www.sat.gob.mx/personas/declaraciones.html]
[www.sat.gob.mx/personas/factura-electronica.html]
[www.sat.gob.mx/aplicacion/login/28889/obten-tu-cedula-de-identificacion-fiscal.html]
[www.sat.gob.mx/aplicacion/login/43824/reimprime-tus-acuses-del-rfc.html]
[www.sat.gob.mx/tramites/operacion/29903/inscribe-a-tus-trabajadores-en-el-rfc.html]
[www.sat.gob.mx/personas/tramites-del-rfc.html]
[www.sat.gob.mx/tramites/28753/obten-tu-rfc-con-la-clave-unica-de-registro-de-poblacion-curp.html]
[www.sat.gob.mx/tramites/89573/consulta-y-paga-tus-adeudos-fiscales-si-estas-inscrito-al-rfc.html]
[www.sat.gob.mx/tramites/operacion/89277/paga-tus-adeudos-fiscales-a-plazos-o-en-un-solo-pago.html]
[www.sat.gob.mx/personas/adeudos-fiscales.html]
[www.sat.gob.mx/tramites/17384/cancela-tu-garantia.html]
[www.sat.gob.mx/consultas/login/93266/seguimiento-de-tramites-y-requerimientos.html]
[www.sat.gob.mx/tramites/17183/garantiza-tus-adeudos-fiscales.html]
[www.sat.gob.mx/personas/devoluciones-y-compensaciones.html]
[www.sat.gob.mx/tramites/operacion/17503/solicita-la-reduccion-de-tus-multas.html]
[www.sat.gob.mx/tramites/login/24016/solicita-tu-devolucion.html]
[www.sat.gob.mx/tramites/login/26089/presenta-la-correccion-de-cuenta-clabe.html]
[www.sat.gob.mx/aplicacion/login/53027/genera-tu-constancia-de-situacion-fiscal.html]
[www.sat.gob.mx/personas/otros-tramites-y-servicios.html]
[www.sat.gob.mx/aplicacion/operacion/65837/subastasat.html]
[www.sat.gob.mx/tramites/login/46063/inscribete-en-el-padron-de-importadores.html]
[www.sat.gob.mx/tramites/login/45804/solicita-autorizacion-para-importar-por-unica-vez-sin-estar-inscrito-en-el-padron-de-importadores.html]
[www.sat.gob.mx/personas/comercio-exterior.html]
[www.sat.gob.mx/cs/Portlet-donatarias_960x406-V1.jpg;filename_=UTF-8''Portlet-donatarias_960x406-V1fc15.jpg]
[www.sat.gob.mx/cs/PlaMaestro2024.pdf;filename_=UTF-8''PlaMaestro2024e10e.pdf]
[www.sat.gob.mx/tramites/58799/presenta-aviso-para-el-retorno-seguro-de-tu-vehiculo-.html]
[www.sat.gob.mx/tramites/46930/realiza-tu-inscripcion-en-el-padron-de-exportadores-sectorial.html]
[www.sat.gob.mx/cs/PORTLET-960X406-Factura-2-VF.jpg;filename_=UTF-8''PORTLET-960X406-Factura-2-VF6160.jpg]
[www.sat.gob.mx/cs/Emisor2-infografias.pdf;filename_=UTF-8''Emisor2-infografias26c4.pdf]
[www.sat.gob.mx/cs/Emisor-infografias.pdf;filename_=UTF-8''Emisor-infografias5d2e.pdf]
[www.sat.gob.mx/tramites/03655/cedula-de-datos-fiscales.html]
[www.sat.gob.mx/cs/PORTLET-960X406-N%C3%B3mina.jpg;filename_=UTF-8''PORTLET-960X406-N%C3%B3mina3d3c.jpg]
[www.sat.gob.mx/consultas/81393/factura-sat-movil.html]
[www.sat.gob.mx/tramites/17507/envia-la-solicitud-para-tu-certificado-de-sello-digital-para-emitir-facturas-electronicas.html]
[www.sat.gob.mx/cs/Manual+N%C3%B3mina+.pdf;filename_=UTF-8''Manual+N%C3%B3mina+8fca.pdf]
[www.sat.gob.mx/cs/Validacion+RFC+Empleados.pdf;filename_=UTF-8''Validacion+RFC+Empleados2acf.pdf]
[www.sat.gob.mx/cs/PortletCITASAT-01.png;filename_=UTF-8''PortletCITASAT-01d9c8.png]
[www.sat.gob.mx/cs/2a_RMRMF2024_primera_versi%C3%B3n_anticipada+-+05072024.pdf;filename_=UTF-8''2a_RMRMF2024_primera_versi%C3%B3n_anticipada+-+05072024d134.pdf]
[www.sat.gob.mx/cs/1a_RMRMF_2024_Anexos.zip;filename_=UTF-8''1a_RMRMF_2024_Anexos7833.zip]
[www.sat.gob.mx/cs/RMF2024+y+anexos-29122023.zip;filename_=UTF-8''RMF2024+y+anexos-29122023d44e.zip]
[www.sat.gob.mx/cs/1raRMRGCE+2024.zip;filename_=UTF-8''1raRMRGCE+2024745e.zip]
[www.sat.gob.mx/cs/RGCE+2024.zip;filename_=UTF-8''RGCE+2024b71d.zip]
[www.sat.gob.mx/aplicacion/26992/realiza-el-calculo-de-tu-nomina-y-genera-la-factura-electronica-en-mis-cuentas.html]
[www.sat.gob.mx/cs/PORTLET-BT.png;filename_=UTF-8''PORTLET-BT5125.png]
[www.sat.gob.mx/cs/7_Portlet_Salarios_Informate.jpg;filename_=UTF-8''7_Portlet_Salarios_Informatefa0d.jpg]
[www.sat.gob.mx/consulta/36383/servicios-disponibles-del-buzon-tributario.html]
[www.sat.gob.mx/consulta/24451/conoce-el-regimen-de-sueldos-y-salarios.html]
[www.sat.gob.mx/consulta/02330/conoce-los-beneficios-del-regimen-de-salarios.html]
[www.sat.gob.mx/consulta/23972/conoce-las-deducciones-personales.html]
[www.sat.gob.mx/cs/01_Portlet_Arrendamiento.jpg;filename_=UTF-8''01_Portlet_Arrendamiento380c.jpg]
[www.sat.gob.mx/consulta/29277/conoce-tus-obligaciones-como-asalariado-y-como-cumplir-con-ellas.html]
[www.sat.gob.mx/consulta/26986/lo-que-debes-conocer-de-tu-regimen-.html]
[www.sat.gob.mx/consulta/26988/conoce-tus-obligaciones-como-arrendador.html]
[www.sat.gob.mx/cs/regimenempresarial.jpg;filename_=UTF-8''regimenempresarialf15d.jpg]
[www.sat.gob.mx/consulta/55106/conoce-los-beneficios,-facilidades-y-estimulos-del-regimen-de-arrendamiento.html]
[www.sat.gob.mx/consulta/30794/aplicaciones-para-cumplir-con-tus-obligaciones.html]
[www.sat.gob.mx/consulta/04950/conoce-el-regimen-de-actividad-empresarial-y-profesional.html]
[www.sat.gob.mx/consulta/30167/conoce-cuales-son-las-obligaciones-fiscales-del-regimen-de-actividades-empresariales.html]
[www.sat.gob.mx/consulta/05084/conoce-las-aplicaciones-para-cumplir-con-tus-obligaciones-como-persona-fisica-con-actividades-empresariales.html]
[www.sat.gob.mx/cs/Portlet_DASMo%CC%81vil_adeudos.jpg;filename_=UTF-8''Portlet_DASMo%CC%81vil_adeudos7565.jpg]
[www.sat.gob.mx/declaracion/23891/presenta-tu-declaracion-anual-de-personas-fisicas-para-el-ejercicio-2023.html]
[www.sat.gob.mx/tramites/89277/paga-tus-adeudos-fiscales-a-plazos-o-en-un-solo-pago.html]
[www.sat.gob.mx/satys/img/social_buttons2.jpg]
[www.sat.gob.mx/tramites/99006/reduce-tus-multas-y-solicita-la-aplicacion-de-una-tasa-preferencial-para-el-pago-de-tus-adeudos.html]
[www.sat.gob.mx/tramites/00690/pagos-a-cuenta,-por-periodo-o-ejercicio-de-adeudos-fiscales.html]
[www.google-analytics.com/analytics.js]
[www.sat.gob.mx/home.html]
[www.sat.gob.mx/personas/derechos-de-los-contribuyentes.html]
[www.sat.gob.mx/satys/css/style0b0e.css]
[www.sat.gob.mx/satys/css/sidebar0b0e.css]
[www.sat.gob.mx/satys/css/media_queries.css]
[www.sat.gob.mx/satys/css/datatables.css]
[www.sat.gob.mx/satys/css/datatables.responsive.css]
[www.sat.gob.mx/satys/js/jquery-ui/jquery-ui.min.css]
[www.sat.gob.mx/satys/css/slider.css]
[www.sat.gob.mx/satys/css/jsp.css]
[www.sat.gob.mx/satys/css/all777d.css]
[www.sat.gob.mx/satys/js/jquery.js]
[www.sat.gob.mx/satys/js/jquery-ui/jquery-ui.min.js]
[www.sat.gob.mx/satys/js/datatables.js]
[www.sat.gob.mx/satys/js/datatables.responsive.js]
[www.sat.gob.mx/satys/js/swipe.js]
[www.sat.gob.mx/satys/css/sequence-theme.basic.css]
[www.sat.gob.mx/satys/js/jsp.js]
[www.sat.gob.mx/satys/js/main.js]
[www.sat.gob.mx/satys/js/owl.carousel.min.js]
[www.sat.gob.mx/satys/js/hammer.min.js]
[www.sat.gob.mx/satys/js/sequence.min.js]
[www.sat.gob.mx/satys/entrada/sliderengine/amazingslider.js]
[www.sat.gob.mx/satys/entrada/sliderengine/initslider-1.js]
[www.sat.gob.mx/satys/js/moment.min.js]
[www.sat.gob.mx/satys/css/fullcalendar.min.css]
[www.sat.gob.mx/satys/js/fullcalendar.min.js]
[www.sat.gob.mx/satys/js/es.js]
[www.sat.gob.mx/satys/css/owl.video.play.png]
[www.sat.gob.mx/satys/css/owl.carousel.css]
[www.sat.gob.mx/index.html]
[www.sat.gob.mx/personas.html]
[www.sat.gob.mx/empresas/normatividad.html]
[www.sat.gob.mx/empresas/consultas-de-orientacion.html]
[www.sat.gob.mx/empresas/ayuda.html]
[www.sat.gob.mx/empresas/calendario.html]
[www.sat.gob.mx/empresas/iniciar-sesion.html]
[www.sat.gob.mx/empresas/contacto.html]
[www.sat.gob.mx/empresas/declaraciones.html]
[www.sat.gob.mx/empresas/factura-electronica.html]
[www.sat.gob.mx/tramites/login/34937/presenta-el-aviso-de-actualizacion-de-actividades-economicas-y-obligaciones-de-tu-empresa.html]
[www.sat.gob.mx/empresas/adeudos-fiscales.html]
[www.sat.gob.mx/tramites/33804/inscribe-tu-empresa-en-el-rfc.html]
[www.sat.gob.mx/tramites/operacion/99006/reduce-tus-multas-y-solicita-la-aplicacion-de-una-tasa-preferencial-para-el-pago-de-tus-adeudos.html]
[www.sat.gob.mx/tramites/login/25255/solicita-la-devolucion-para-tu-empresa.html]
[www.sat.gob.mx/empresas/tramites-del-rfc.html]
[www.sat.gob.mx/tramites/login/25550/presenta-el-aviso-de-compensacion-para-tu-empresa.html]
[www.sat.gob.mx/empresas/comercio-exterior.html]
[www.sat.gob.mx/cs/6_Portlet_Gral_Ley_Informate.jpg;filename_=UTF-8''6_Portlet_Gral_Ley_Informate0f9b.jpg]
[www.sat.gob.mx/empresas/devoluciones-y-compensaciones.html]
[www.sat.gob.mx/tramites/login/59431/solicita-tu-suspension-en-el-padron-de-importadores,-padron-de-importadores-de-sectores-especificos-o-padron-de-exportadores-sectorial.html]
[www.sat.gob.mx/consulta/64575/esto-es-lo-que-debes-saber-si-te-corresponde-este-regimen.html]
[www.sat.gob.mx/aplicacion/operacion/33805/preinscribe-tu-empresa-en-el-rfc.html]
[www.sat.gob.mx/consulta/64576/conoce-las-obligaciones.html]
[www.sat.gob.mx/consulta/64889/regularizate,-si-tributas-en-el-regimen-general-de-ley.html]
[www.sat.gob.mx/empresas/otros-tramites-y-servicios.html]
[www.sat.gob.mx/consulta/64890/aplicaciones-para-cumplir-con-tus-obligaciones-del-regimen-general-de-ley.html]
[www.sat.gob.mx/cs/10_Portlet_Consolidaci%C3%B3nF_Informate.jpg;filename_=UTF-8''10_Portlet_Consolidaci%C3%B3nF_Informate0ede.jpg]
[www.sat.gob.mx/consulta/30795/consulta-los-proveedores-de-facturas-electronicas.html]
[www.sat.gob.mx/cs/14_Portlet_SocCoop_Informate.jpg;filename_=UTF-8''14_Portlet_SocCoop_Informate0cbf.jpg]
[www.sat.gob.mx/consulta/10260/conoce-el-regimen-opcional-para-grupos-de-sociedades.html]
[www.sat.gob.mx/consulta/02795/solicita-autorizacion-para-pertenecer-al-regimen-de-grupos-de-sociedades.html]
[www.sat.gob.mx/consulta/32468/conoce-tus-obligaciones-al-aplicar-el-regimen-opcional-para-grupos-de-sociedades.html]
[www.sat.gob.mx/consulta/08326/conoce-que-es-una-sociedad-cooperativa.html]
[www.sat.gob.mx/cs/28_Portlet_SinfinLucro_Aplicaciones.jpg;filename_=UTF-8''28_Portlet_SinfinLucro_Aplicaciones79c4.jpg]
[www.sat.gob.mx/consulta/08457/facilidades-y-beneficios-de-las-sociedades-cooperativas.html]
[www.sat.gob.mx/consulta/08327/inscribete-como-sociedad-cooperativa.html]
[www.sat.gob.mx/consulta/08606/conoce-tus-obligaciones-fiscales-como-sociedad-cooperativa.html]
[www.sat.gob.mx/consulta/07190/personas-morales-con-fines-no-lucrativos.html]
[www.sat.gob.mx/empresas.html]
[www.sat.gob.mx/consulta/25263/sociedades-cooperativas-de-consumo.html]
[www.sat.gob.mx/consulta/07191/conoce-tus-obligaciones.html]
[www.sat.gob.mx/consulta/21518/como-persona-moral-con-fines-no-lucrativos-debes-calcular-el-isr-anual-de-tus-trabajadores.html]
[www.sat.gob.mx/nuevos-contribuyentes/calendario.html]
[www.sat.gob.mx/nuevos-contribuyentes/contacto.html]
[www.sat.gob.mx/nuevos-contribuyentes/ultimas-noticias.html]
[www.sat.gob.mx/nuevos-contribuyentes/normatividad.html]
[www.sat.gob.mx/nuevos-contribuyentes/iniciar-sesion.html]
[www.sat.gob.mx/nuevos-contribuyentes/consultas-de-orientacion.html]
[www.sat.gob.mx/nuevos-contribuyentes/ayuda.html]
[www.sat.gob.mx/nuevos-contribuyentes/adeudos-fiscales.html]
[www.sat.gob.mx/nuevos-contribuyentes/tramites-del-rfc.html]
[www.sat.gob.mx/nuevos-contribuyentes/factura-electronica.html]
[www.sat.gob.mx/cs/Portlet-donatarias_960x406-V1.jpg;filename_=UTF-8''Portlet-donatarias_960x406-V172b2.jpg]
[www.sat.gob.mx/cs/PlaMaestro2024%2C0.pdf;filename_=UTF-8''PlaMaestro2024%2C0b089.pdf]
[www.sat.gob.mx/nuevos-contribuyentes/devolucion-de-pagos-indebidos.html]
[www.sat.gob.mx/cs/PORTLET-960X406-Factura-2-VF.jpg;filename_=UTF-8''PORTLET-960X406-Factura-2-VF5024.jpg]
[www.sat.gob.mx/cs/PORTLET-960X406-N%C3%B3mina.jpg;filename_=UTF-8''PORTLET-960X406-N%C3%B3mina2de7.jpg]
[www.sat.gob.mx/cs/PortletCITASAT-01%2C0.png;filename_=UTF-8''PortletCITASAT-01%2C0ce73.png]
[www.sat.gob.mx/cs/2a_RMRMF2024_primera_versi%C3%B3n_anticipada+-+05072024.pdf;filename_=UTF-8''2a_RMRMF2024_primera_versi%C3%B3n_anticipada+-+050720241db4.pdf]
[www.sat.gob.mx/consultas/operacion/43671/consulta-las-notificaciones-por-estrados.html]
[www.sat.gob.mx/cs/1a_RMRMF_2024_Anexos.zip;filename_=UTF-8''1a_RMRMF_2024_Anexos7dd4.zip]
[www.sat.gob.mx/cs/RMF2024+y+anexos-29122023%2C0.zip;filename_=UTF-8''RMF2024+y+anexos-29122023%2C0511f.zip]
[www.sat.gob.mx/cs/1raRMRGCE+2024.zip;filename_=UTF-8''1raRMRGCE+20247847.zip]
[www.sat.gob.mx/cs/RGCE+2024%2C0.zip;filename_=UTF-8''RGCE+2024%2C05793.zip]
[www.sat.gob.mx/cs/PORTLET-BT%2C0.png;filename_=UTF-8''PORTLET-BT%2C0d41e.png]
[www.sat.gob.mx/cs/02_Portlet_NC_Informate%2C0.jpg;filename_=UTF-8''02_Portlet_NC_Informate%2C00d27.jpg]
[www.sat.gob.mx/nuevos-contribuyentes/otros-tramites-y-servicios.html]
[www.sat.gob.mx/consulta/50308/solicita-orientacion-fiscal-via-telefonica.html]
[www.sat.gob.mx/aplicacion/operacion/32846/presenta-tu-aclaracion-como-contribuyente.html]
[www.sat.gob.mx/aplicacion/operacion/66287/consulta-de-orientacion-fiscal-al-contribuyente.html]
[www.sat.gob.mx/cs/03_Portlet_NC_Declaraci%C3%B3n%2C0.jpg;filename_=UTF-8''03_Portlet_NC_Declaraci%C3%B3n%2C09803.jpg]
[www.sat.gob.mx/cs/04_Portlet_NC_Aplicaciones%2C0.jpg;filename_=UTF-8''04_Portlet_NC_Aplicaciones%2C0205f.jpg]
[www.sat.gob.mx/consulta/09789/lo-que-debes-saber-como-emprendedor-.html]
[www.sat.gob.mx/consulta/09788/emprendedor,-conoce-los-regimenes-fiscales-de-las-personas-fisicas.html]
[www.sat.gob.mx/cs/05_Portlet_NC_Obligaciones%2C0.jpg;filename_=UTF-8''05_Portlet_NC_Obligaciones%2C0f582.jpg]
[www.sat.gob.mx/consulta/36252/inscribete-en-el-rfc-como-persona-asalariada.html]
[www.sat.gob.mx/consulta/36193/inscribete-en-el-rfc-como-persona-fisica-con-servicios-profesionales-(honorarios).html]
[www.sat.gob.mx/nuevos-contribuyentes.html]
[www.sat.gob.mx/consulta/09381/consulta-los-documentos-que-son-aceptados-como-identificacion-oficial.html]
[www.sat.gob.mx/consulta/09382/consulta-los-documentos-aceptados-como-comprobantes-de-domicilio.html]
[www.sat.gob.mx/residentes-en-el-extranjero/ultimas-noticias.html]
[www.sat.gob.mx/consulta/09380/consulta-los-poderes-notariales-aceptados-en-la-presentacion-de-tramites-fiscales.html]
[www.sat.gob.mx/residentes-en-el-extranjero/calendario.html]
[www.sat.gob.mx/residentes-en-el-extranjero/contacto.html]
[www.sat.gob.mx/residentes-en-el-extranjero/iniciar-sesion.html]
[www.sat.gob.mx/residentes-en-el-extranjero/ayuda.html]
[www.sat.gob.mx/residentes-en-el-extranjero/declaraciones.html]
[www.sat.gob.mx/residentes-en-el-extranjero/consultas-de-orientacion.html]
[www.sat.gob.mx/residentes-en-el-extranjero/normatividad.html]
[www.sat.gob.mx/tramites/login/34513/presenta-el-aviso-de-reanudacion-de-actividades-de-tu-empresa.html]
[www.sat.gob.mx/tramites/login/35756/presenta-el-aviso-de-cierre-de-establecimientos-de-tu-empresa.html]
[www.sat.gob.mx/tramites/login/34668/presenta-el-aviso-de-suspension-de-actividades-de-la-empresa-que-representas.html]
[www.sat.gob.mx/residentes-en-el-extranjero/adeudos-fiscales.html]
[www.sat.gob.mx/residentes-en-el-extranjero/factura-electronica.html]
[www.sat.gob.mx/residentes-en-el-extranjero/tramites-del-rfc.html]
[www.sat.gob.mx/residentes-en-el-extranjero/devoluciones-y-compensaciones.html]
[www.sat.gob.mx/cs/02_Portlet_Res_Ext_Informate%2C0.jpg;filename_=UTF-8''02_Portlet_Res_Ext_Informate%2C00447.jpg]
[www.sat.gob.mx/residentes-en-el-extranjero/comercio-exterior.html]
[www.sat.gob.mx/consulta/06712/conoce-cuales-son-tus-obligaciones.html]
[www.sat.gob.mx/consulta/06710/que-se-entiende-por-residente-en-el-extranjero.html]
[www.sat.gob.mx/residentes-en-el-extranjero/otros-tramites-y-servicios.html]
[www.sat.gob.mx/consulta/06888/conoce-los-beneficios-que-tienes-como-residente-en-el-extranjero.html]
[www.sat.gob.mx/cs/03_Portlet_ResExt_Deaclaracion%2C0.jpg;filename_=UTF-8''03_Portlet_ResExt_Deaclaracion%2C0dc82.jpg]
[www.sat.gob.mx/cs/05_Portlet_Res_Ext_Obligaciones%2C0.jpg;filename_=UTF-8''05_Portlet_Res_Ext_Obligaciones%2C03b98.jpg]
[www.sat.gob.mx/consulta/06711/en-que-casos-debes-pagar-el-impuesto-sobre-la-renta.html]
[www.sat.gob.mx/consulta/07106/obligaciones-de-las-personas-que-realizan-pagos-a-residentes-en-el-extranjero.html]
[www.sat.gob.mx/tramites/17074/obten-el-certificado-de-e.html]
[www.sat.gob.mx/cs/PadronEsp_PORTLET_Generico%2C0.jpg;filename_=UTF-8''PadronEsp_PORTLET_Generico%2C0054e.jpg]
[www.sat.gob.mx/tramites/16659/revoca-tu-certificado-de-e.html]
[www.sat.gob.mx/residentes-en-el-extranjero.html]
[www.sat.gob.mx/tramites/38429/generacion-de-contrasena-con-e.html]
[www.sat.gob.mx/tramites/38517/generacion-y-actualizacion-de-contrasena-para-persona-fisica.html]
[www.sat.gob.mx/personas/asalariados/calendario.html]
[www.sat.gob.mx/personas/asalariados/ultimas-noticias.html]
[www.sat.gob.mx/personas/asalariados/contacto.html]
[www.sat.gob.mx/personas/asalariados/normatividad.html]
[www.sat.gob.mx/personas/asalariados/declaraciones.html]
[www.sat.gob.mx/personas/asalariados/consultas-de-orientacion.html]
[www.sat.gob.mx/personas/asalariados/factura-electronica.html]
[www.sat.gob.mx/personas/asalariados/iniciar-sesion.html]
[www.sat.gob.mx/personas/asalariados/adeudos-fiscales.html]
[www.sat.gob.mx/tramites/login/30357/realiza-tu-cambio-de-domicilio-en-el-rfc.html]
[www.sat.gob.mx/personas/asalariados/ayuda.html]
[www.sat.gob.mx/personas/asalariados/otros-tramites-y-servicios.html]
[www.sat.gob.mx/consultas/login/44083/consulta-tu-informacion-fiscal.html]
[www.sat.gob.mx/personas/asalariados/devoluciones-y-compensaciones.html]
[www.sat.gob.mx/personas/asalariados/tramites-del-rfc.html]
[www.sat.gob.mx/tramites/59154/solicita-una-consulta-sobre-si-tu-vehiculo-esta-regularizado-en-el-pais.html]
[www.sat.gob.mx/cs/7_Portlet_Salarios_Informate%2C0.jpg;filename_=UTF-8''7_Portlet_Salarios_Informate%2C078ac.jpg]
[www.sat.gob.mx/cs/Portlet_DASMo%CC%81vil_adeudos%2C0.jpg;filename_=UTF-8''Portlet_DASMo%CC%81vil_adeudos%2C02d98.jpg]
[www.sat.gob.mx/cs/9_Portlet_Salarios_Aplicaciones%2C0.jpg;filename_=UTF-8''9_Portlet_Salarios_Aplicaciones%2C03d43.jpg]
[www.sat.gob.mx/personas/asalariados/comercio-exterior.html]
[www.sat.gob.mx/cs/e.firma_PORTLET_Salarios_SPPM%2C0.jpg;filename_=UTF-8''e.firma_PORTLET_Salarios_SPPM%2C0013b.jpg]
[www.sat.gob.mx/aplicacion/operacion/29073/verifica-si-estas-registrado-en-el-rfc.html]
[www.sat.gob.mx/tramites/login/33758/presenta-el-aviso-de-actualizacion-de-actividades-economicas-y-obligaciones-fiscales-como-persona-fisica.html]
[www.sat.gob.mx/tramites/19941/valida-la-vigencia-de-tu-e.html]
[www.sat.gob.mx/tramites/16703/obten-tu-certificado-de-e.html]
[www.sat.gob.mx/tramites/63992/renueva-el-certificado-de-tu-e.html]
[www.sat.gob.mx/personas/(+52) 55 627 22 728]
[www.sat.gob.mx/personas/asalariados.html]
[www.sat.gob.mx/personas/Chrome/index.html]
[www.sat.gob.mx/personas/Firefox/index.html]
[www.sat.gob.mx/personas/Opera/index.html]
[www.sat.gob.mx/personas/Safari/index.html]
[www.sat.gob.mx/personas/arrendadores/ultimas-noticias.html]
[www.sat.gob.mx/personas/arrendadores/calendario.html]
[www.sat.gob.mx/personas/arrendadores/contacto.html]
[www.sat.gob.mx/personas/arrendadores/iniciar-sesion.html]
[www.sat.gob.mx/personas/arrendadores/normatividad.html]
[www.sat.gob.mx/personas/arrendadores/ayuda.html]
[www.sat.gob.mx/personas/arrendadores/factura-electronica.html]
[www.sat.gob.mx/personas/arrendadores/declaraciones.html]
[www.sat.gob.mx/personas/arrendadores/adeudos-fiscales.html]
[www.sat.gob.mx/personas/arrendadores/tramites-del-rfc.html]
[www.sat.gob.mx/personas/arrendadores/devoluciones-y-compensaciones.html]
[www.sat.gob.mx/personas/arrendadores/comercio-exterior.html]
[www.sat.gob.mx/cs/01_Portlet_Arrendamiento%2C0.jpg;filename_=UTF-8''01_Portlet_Arrendamiento%2C0c0dd.jpg]
[www.sat.gob.mx/cs/13_Portlet_Arrendam_Aplicaciones%2C0.jpg;filename_=UTF-8''13_Portlet_Arrendam_Aplicaciones%2C0ba19.jpg]
[www.sat.gob.mx/cs/12_Portlet_Arrendam_Declaraci%C3%B3n%2C0.jpg;filename_=UTF-8''12_Portlet_Arrendam_Declaraci%C3%B3n%2C0ec25.jpg]
[www.sat.gob.mx/cs/9_Portlet_Gral_Ley_firmaelectronica%2C0.jpg;filename_=UTF-8''9_Portlet_Gral_Ley_firmaelectronica%2C0db71.jpg]
[www.sat.gob.mx/personas/arrendadores.html]
[www.sat.gob.mx/aplicacion/operacion/31274/consulta-tu-clave-de-rfc-mediante-curp.html]
[www.sat.gob.mx/personas/empresarios-y-profesionales/ultimas-noticias.html]
[www.sat.gob.mx/personas/empresarios-y-profesionales/contacto.html]
[www.sat.gob.mx/personas/empresarios-y-profesionales/calendario.html]
[www.sat.gob.mx/personas/empresarios-y-profesionales/iniciar-sesion.html]
[www.sat.gob.mx/personas/empresarios-y-profesionales/normatividad.html]
[www.sat.gob.mx/personas/empresarios-y-profesionales/ayuda.html]
[www.sat.gob.mx/personas/empresarios-y-profesionales/consultas-de-orientacion.html]
[www.sat.gob.mx/personas/empresarios-y-profesionales/adeudos-fiscales.html]
[www.sat.gob.mx/personas/empresarios-y-profesionales/devoluciones-y-compensaciones.html]
[www.sat.gob.mx/personas/empresarios-y-profesionales/factura-electronica.html]
[www.sat.gob.mx/personas/empresarios-y-profesionales/tramites-del-rfc.html]
[www.sat.gob.mx/personas/empresarios-y-profesionales/declaraciones.html]
[www.sat.gob.mx/personas/empresarios-y-profesionales/comercio-exterior.html]
[www.sat.gob.mx/cs/regimenempresarial%2C0.jpg;filename_=UTF-8''regimenempresarial%2C084ef.jpg]
[www.sat.gob.mx/tramites/login/45481/solicita-autorizacion-para-importar-por-unica-vez,-sin-haber-concluido-el-tramite-de-inscripcion-o-estando-suspendido-en-el-padron-de-importadores.html]
[www.sat.gob.mx/cs/15_Portlet_ActEmpProf_Informate%2C0.jpg;filename_=UTF-8''15_Portlet_ActEmpProf_Informate%2C022ce.jpg]
[www.sat.gob.mx/tramites/45928/rectifica-los-datos-asentados-erroneamente-en-un-pedimento.html]
[www.sat.gob.mx/consulta/36322/conoce-las-aplicaciones-para-cumplir-con-tus-obligaciones-como-persona-fisica-con-servicios-profesionales-(honorarios).html]
[www.sat.gob.mx/consulta/36572/conoce-tus-obligaciones-al-estar-inscrito-en-el-regimen-de-servicios-profesionales-(honorarios).html]
[www.sat.gob.mx/consulta/36192/conoce-el-regimen-de-servicios-profesionales-(honorarios).html]
[www.sat.gob.mx/cs/16_Portlet_ActEmpProf_Declaraci%C3%B3n%2C0.jpg;filename_=UTF-8''16_Portlet_ActEmpProf_Declaraci%C3%B3n%2C0d755.jpg]
[www.sat.gob.mx/personas/empresarios-y-profesionales/otros-tramites-y-servicios.html]
[www.sat.gob.mx/consulta/37338/conoce-el-estimulo-que-tienes-al-estar-inscrito-en-el-regimen-de-servicios-profesionales-(honorarios).html]
[www.sat.gob.mx/cs/17_Portlet_ActEmpProf_Aplicaciones%2C0.jpg;filename_=UTF-8''17_Portlet_ActEmpProf_Aplicaciones%2C0fe51.jpg]
[www.sat.gob.mx/personas/empresarios-y-profesionales.html]
[www.sat.gob.mx/consulta/36731/si-eres-profesionista-conoce-como-debes-de-llevar-tu-contabilidad.html]
[www.sat.gob.mx/personas/incorporacion-fiscal/calendario.html]
[www.sat.gob.mx/personas/incorporacion-fiscal/ultimas-noticias.html]
[www.sat.gob.mx/personas/incorporacion-fiscal/contacto.html]
[www.sat.gob.mx/personas/incorporacion-fiscal/iniciar-sesion.html]
[www.sat.gob.mx/personas/incorporacion-fiscal/normatividad.html]
[www.sat.gob.mx/personas/incorporacion-fiscal/ayuda.html]
[www.sat.gob.mx/personas/incorporacion-fiscal/consultas-de-orientacion.html]
[www.sat.gob.mx/personas/incorporacion-fiscal/declaraciones.html]
[www.sat.gob.mx/personas/incorporacion-fiscal/adeudos-fiscales.html]
[www.sat.gob.mx/personas/incorporacion-fiscal/devoluciones-y-compensaciones.html]
[www.sat.gob.mx/personas/incorporacion-fiscal/comercio-exterior.html]
[www.sat.gob.mx/cs/20_Portlet_RIF_Declaraci%C3%B3n%2C0.jpg;filename_=UTF-8''20_Portlet_RIF_Declaraci%C3%B3n%2C0ebe9.jpg]
[www.sat.gob.mx/personas/incorporacion-fiscal/factura-electronica.html]
[www.sat.gob.mx/personas/incorporacion-fiscal/tramites-del-rfc.html]
[www.sat.gob.mx/consulta/26990/conoce-mis-cuentas.html]
[www.sat.gob.mx/cs/01_Portlet_S%C3%BAmate%2C0.jpg;filename_=UTF-8''01_Portlet_S%C3%BAmate%2C0b4c8.jpg]
[www.sat.gob.mx/personas/incorporacion-fiscal.html]
[www.sat.gob.mx/cs/Satellitea0fe.html]
[www.sat.gob.mx/personas/sector-primario-pf/ultimas-noticias.html]
[www.sat.gob.mx/personas/sector-primario-pf/contacto.html]
[www.sat.gob.mx/personas/sector-primario-pf/normatividad.html]
[www.sat.gob.mx/personas/sector-primario-pf/calendario.html]
[www.sat.gob.mx/personas/incorporacion-fiscal/otros-tramites-y-servicios.html]
[www.sat.gob.mx/personas/sector-primario-pf/iniciar-sesion.html]
[www.sat.gob.mx/personas/sector-primario-pf/declaraciones.html]
[www.sat.gob.mx/personas/sector-primario-pf/ayuda.html]
[www.sat.gob.mx/personas/sector-primario-pf/consultas-de-orientacion.html]
[www.sat.gob.mx/personas/sector-primario-pf/factura-electronica.html]
[www.sat.gob.mx/personas/sector-primario-pf/devoluciones-y-compensaciones.html]
[www.sat.gob.mx/personas/sector-primario-pf/adeudos-fiscales.html]
[www.sat.gob.mx/tramites/operacion/44247/validacion-masiva-de-la-clave-en-el-rfc.html]
[www.sat.gob.mx/personas/sector-primario-pf/tramites-del-rfc.html]
[www.sat.gob.mx/personas/sector-primario-pf/otros-tramites-y-servicios.html]
[www.sat.gob.mx/cs/24_Portlet_SectorPF_Declaraci%C3%B3n%2C0.jpg;filename_=UTF-8''24_Portlet_SectorPF_Declaraci%C3%B3n%2C070ea.jpg]
[www.sat.gob.mx/personas/sector-primario-pf/comercio-exterior.html]
[www.sat.gob.mx/cs/26_Portlet_SectorPF_firmaelectronica%2C0.jpg;filename_=UTF-8''26_Portlet_SectorPF_firmaelectronica%2C0a8dd.jpg]
[www.sat.gob.mx/cs/10_Portlet_Salarios_firmaelectronica%2C0.jpg;filename_=UTF-8''10_Portlet_Salarios_firmaelectronica%2C052e4.jpg]
[www.sat.gob.mx/personas/sector-primario-pf.html]
[www.sat.gob.mx/consulta/63010/conoce-a-los-prestadores-del-servicio-de-facturas-del-sistema-producto-autorizados.html]
[www.sat.gob.mx/tramites/63164/genera-tu-factura-para-ganaderos.html]
[www.sat.gob.mx/tramites/38519/valida-tu-contrasena.html]
[www.sat.gob.mx/tramites/71646/actualiza-el-correo-electronico-relacionado-con-tu-contrasena.html]
[www.sat.gob.mx/personas/otros-ingresos/calendario.html]
[www.sat.gob.mx/personas/otros-ingresos/ultimas-noticias.html]
[www.sat.gob.mx/personas/otros-ingresos/contacto.html]
[www.sat.gob.mx/personas/otros-ingresos/normatividad.html]
[www.sat.gob.mx/personas/otros-ingresos/consultas-de-orientacion.html]
[www.sat.gob.mx/personas/otros-ingresos/iniciar-sesion.html]
[www.sat.gob.mx/personas/otros-ingresos/declaraciones.html]
[www.sat.gob.mx/personas/otros-ingresos/adeudos-fiscales.html]
[www.sat.gob.mx/personas/otros-ingresos/devoluciones-y-compensaciones.html]
[www.sat.gob.mx/personas/otros-ingresos/ayuda.html]
[www.sat.gob.mx/personas/otros-ingresos/factura-electronica.html]
[www.sat.gob.mx/cs/28_Portlet_OtrosIng_Declaraci%C3%B3n%2C0.jpg;filename_=UTF-8''28_Portlet_OtrosIng_Declaraci%C3%B3n%2C0ab7c.jpg]
[www.sat.gob.mx/personas/otros-ingresos/comercio-exterior.html]
[www.sat.gob.mx/cs/29_Portlet_OtrosIng_Aplicaciones%2C0.jpg;filename_=UTF-8''29_Portlet_OtrosIng_Aplicaciones%2C0c0de.jpg]
[www.sat.gob.mx/aplicacion/login/42150/envia-tu-contabilidad-electronica.html]
[www.sat.gob.mx/consulta/86033/conoce-el-regimen-de-los-demas-ingresos-que-obtengan-las-personas-fisicas.html]
[www.sat.gob.mx/consulta/72905/conoce-el-regimen-de-los-ingresos-por-la-obtencion-de-premios.html]
[www.sat.gob.mx/personas/otros-ingresos/otros-tramites-y-servicios.html]
[www.sat.gob.mx/consulta/16175/conoce-el-regimen-de-ingresos-por-intereses.html]
[www.sat.gob.mx/personas/otros-ingresos.html]
[www.sat.gob.mx/empresas/general-de-ley/contacto.html]
[www.sat.gob.mx/empresas/general-de-ley/calendario.html]
[www.sat.gob.mx/empresas/general-de-ley/ultimas-noticias.html]
[www.sat.gob.mx/empresas/general-de-ley/normatividad.html]
[www.sat.gob.mx/empresas/general-de-ley/iniciar-sesion.html]
[www.sat.gob.mx/empresas/general-de-ley/consultas-de-orientacion.html]
[www.sat.gob.mx/empresas/general-de-ley/ayuda.html]
[www.sat.gob.mx/empresas/general-de-ley/factura-electronica.html]
[www.sat.gob.mx/empresas/general-de-ley/declaraciones.html]
[www.sat.gob.mx/empresas/general-de-ley/adeudos-fiscales.html]
[www.sat.gob.mx/empresas/general-de-ley/devoluciones-y-compensaciones.html]
[www.sat.gob.mx/empresas/general-de-ley/comercio-exterior.html]
[www.sat.gob.mx/cs/6_Portlet_Gral_Ley_Informate%2C0.jpg;filename_=UTF-8''6_Portlet_Gral_Ley_Informate%2C00c93.jpg]
[www.sat.gob.mx/cs/7_Portlet_Gral_Ley_Declaraci%C3%B3n%2C0.jpg;filename_=UTF-8''7_Portlet_Gral_Ley_Declaraci%C3%B3n%2C0c604.jpg]
[www.sat.gob.mx/cs/8_Portlet_Gral_Ley_Aplicaciones%2C0.jpg;filename_=UTF-8''8_Portlet_Gral_Ley_Aplicaciones%2C03f0d.jpg]
[www.sat.gob.mx/empresas/(+52) 55 627 22 728]
[www.sat.gob.mx/empresas/general-de-ley.html]
[www.sat.gob.mx/tramites/login/34794/realiza-el-cambio-de-domicilio-en-el-rfc-de-tu-empresa.html]
[www.sat.gob.mx/empresas/Firefox/index.html]
[www.sat.gob.mx/empresas/Chrome/index.html]
[www.sat.gob.mx/empresas/Opera/index.html]
[www.sat.gob.mx/empresas/general-de-ley/tramites-del-rfc.html]
[www.sat.gob.mx/empresas/general-de-ley/otros-tramites-y-servicios.html]
[www.sat.gob.mx/empresas/cooperativas/calendario.html]
[www.sat.gob.mx/empresas/cooperativas/ultimas-noticias.html]
[www.sat.gob.mx/empresas/Safari/index.html]
[www.sat.gob.mx/empresas/cooperativas/contacto.html]
[www.sat.gob.mx/empresas/cooperativas/normatividad.html]
[www.sat.gob.mx/empresas/cooperativas/ayuda.html]
[www.sat.gob.mx/empresas/cooperativas/consultas-de-orientacion.html]
[www.sat.gob.mx/empresas/cooperativas/iniciar-sesion.html]
[www.sat.gob.mx/empresas/cooperativas/adeudos-fiscales.html]
[www.sat.gob.mx/empresas/cooperativas/factura-electronica.html]
[www.sat.gob.mx/empresas/cooperativas/declaraciones.html]
[www.sat.gob.mx/empresas/cooperativas/devoluciones-y-compensaciones.html]
[www.sat.gob.mx/empresas/cooperativas/comercio-exterior.html]
[www.sat.gob.mx/cs/14_Portlet_SocCoop_Informate%2C0.jpg;filename_=UTF-8''14_Portlet_SocCoop_Informate%2C03c70.jpg]
[www.sat.gob.mx/cs/15_Portlet_SocCoop_Declaraci%C3%B3n%2C0.jpg;filename_=UTF-8''15_Portlet_SocCoop_Declaraci%C3%B3n%2C0b885.jpg]
[www.sat.gob.mx/cs/16_Portlet_SocCoop_Aplicaciones%2C0.jpg;filename_=UTF-8''16_Portlet_SocCoop_Aplicaciones%2C072ba.jpg]
[www.sat.gob.mx/empresas/cooperativas/tramites-del-rfc.html]
[www.sat.gob.mx/cs/Firma_PORTLET_PM_Cooperativas%2C0.jpg;filename_=UTF-8''Firma_PORTLET_PM_Cooperativas%2C0539c.jpg]
[www.sat.gob.mx/empresas/cooperativas.html]
[www.sat.gob.mx/empresas/sector-primario-pm/ultimas-noticias.html]
[www.sat.gob.mx/empresas/sector-primario-pm/calendario.html]
[www.sat.gob.mx/empresas/sector-primario-pm/contacto.html]
[www.sat.gob.mx/empresas/sector-primario-pm/normatividad.html]
[www.sat.gob.mx/empresas/sector-primario-pm/iniciar-sesion.html]
[www.sat.gob.mx/empresas/cooperativas/otros-tramites-y-servicios.html]
[www.sat.gob.mx/empresas/sector-primario-pm/ayuda.html]
[www.sat.gob.mx/empresas/sector-primario-pm/declaraciones.html]
[www.sat.gob.mx/empresas/sector-primario-pm/consultas-de-orientacion.html]
[www.sat.gob.mx/empresas/sector-primario-pm/adeudos-fiscales.html]
[www.sat.gob.mx/empresas/sector-primario-pm/devoluciones-y-compensaciones.html]
[www.sat.gob.mx/empresas/sector-primario-pm/comercio-exterior.html]
[www.sat.gob.mx/cs/FacturaE_PORTLET_PM_SectorP%2C0.jpg;filename_=UTF-8''FacturaE_PORTLET_PM_SectorP%2C0a35e.jpg]
[www.sat.gob.mx/cs/Contrase%C3%B1a_PORTLET_PM_Generica%2C0.jpg;filename_=UTF-8''Contrase%C3%B1a_PORTLET_PM_Generica%2C0f2ad.jpg]
[www.sat.gob.mx/empresas/sector-primario-pm/factura-electronica.html]
[www.sat.gob.mx/empresas/sector-primario-pm.html]
[www.sat.gob.mx/cs/Satellite3d7e.html]
[www.sat.gob.mx/tramites/39164/actualiza-el-correo-electronico-registrado-para-la-contrasena-de-tu-empresa.html]
[www.sat.gob.mx/empresas/sector-primario-pm/tramites-del-rfc.html]
[www.sat.gob.mx/empresas/sin-fines-de-lucro/ultimas-noticias.html]
[www.sat.gob.mx/empresas/sin-fines-de-lucro/calendario.html]
[www.sat.gob.mx/empresas/sin-fines-de-lucro/contacto.html]
[www.sat.gob.mx/empresas/sin-fines-de-lucro/consultas-de-orientacion.html]
[www.sat.gob.mx/empresas/sin-fines-de-lucro/normatividad.html]
[www.sat.gob.mx/empresas/sector-primario-pm/otros-tramites-y-servicios.html]
[www.sat.gob.mx/empresas/sin-fines-de-lucro/ayuda.html]
[www.sat.gob.mx/empresas/sin-fines-de-lucro/iniciar-sesion.html]
[www.sat.gob.mx/empresas/sin-fines-de-lucro/adeudos-fiscales.html]
[www.sat.gob.mx/empresas/sin-fines-de-lucro/declaraciones.html]
[www.sat.gob.mx/empresas/sin-fines-de-lucro/devoluciones-y-compensaciones.html]
[www.sat.gob.mx/empresas/sin-fines-de-lucro/factura-electronica.html]
[www.sat.gob.mx/empresas/sin-fines-de-lucro/comercio-exterior.html]
[www.sat.gob.mx/cs/28_Portlet_SinfinLucro_Aplicaciones%2C0.jpg;filename_=UTF-8''28_Portlet_SinfinLucro_Aplicaciones%2C008af.jpg]
[www.sat.gob.mx/cs/26_Portlet_SinfinLucro_Informate%2C0.jpg;filename_=UTF-8''26_Portlet_SinfinLucro_Informate%2C09d6a.jpg]
[www.sat.gob.mx/empresas/sin-fines-de-lucro/tramites-del-rfc.html]
[www.sat.gob.mx/consulta/07192/obten-tu-registro-constitutivo-como-asociacion-religiosa.html]
[www.sat.gob.mx/consulta/07371/conoce-las-facilidades-administrativas-para-las-asociaciones-religiosas.html]
[www.sat.gob.mx/consulta/07193/conoce-tus-obligaciones-como-asociacion-religiosa,-dentro-del-regimen-de-personas-morales-con-fines-no-lucrativos.html]
[www.sat.gob.mx/cs/27_Portlet_SinfinLucro_Declaraci%C3%B3n%2C0.jpg;filename_=UTF-8''27_Portlet_SinfinLucro_Declaraci%C3%B3n%2C028e0.jpg]
[www.sat.gob.mx/consulta/07776/_las-asociaciones-religiosas-pagan-impuestos_.html]
[www.sat.gob.mx/consulta/70078/conoce-las-principales-obligaciones-fiscales-de-las-donatarias-autorizadas.html]
[www.sat.gob.mx/consulta/70076/conoce-la-vigencia-y-efectos-de-la-autorizacion.html]
[www.sat.gob.mx/empresas/sin-fines-de-lucro/otros-tramites-y-servicios.html]
[www.sat.gob.mx/cs/29_Portlet_SinfinLucro_firmaelectronica%2C0.jpg;filename_=UTF-8''29_Portlet_SinfinLucro_firmaelectronica%2C0e883.jpg]
[www.sat.gob.mx/consulta/70077/conoce-las-ventajas-de-ser-donataria-autorizada.html]
[www.sat.gob.mx/empresas/sin-fines-de-lucro.html]
[www.sat.gob.mx/tramites/login/71215/solicita-la-autorizacion-para-recibir-donativos-deducibles-del-impuesto-sobre-la-renta.html]
[www.sat.gob.mx/empresas/grupos/calendario.html]
[www.sat.gob.mx/empresas/grupos/ultimas-noticias.html]
[www.sat.gob.mx/empresas/grupos/contacto.html]
[www.sat.gob.mx/empresas/grupos/normatividad.html]
[www.sat.gob.mx/empresas/grupos/iniciar-sesion.html]
[www.sat.gob.mx/empresas/grupos/ayuda.html]
[www.sat.gob.mx/empresas/grupos/consultas-de-orientacion.html]
[www.sat.gob.mx/empresas/grupos/declaraciones.html]
[www.sat.gob.mx/empresas/grupos/factura-electronica.html]
[www.sat.gob.mx/empresas/grupos/adeudos-fiscales.html]
[www.sat.gob.mx/tramites/login/35295/solicita-autorizacion-para-aplicar-el-regimen-opcional-para-grupos-de-sociedades.html]
[www.sat.gob.mx/tramites/operacion/35453/incorpora-una-sociedad-al-regimen-opcional-para-grupos-de-sociedades-.html]
[www.sat.gob.mx/empresas/grupos/devoluciones-y-compensaciones.html]
[www.sat.gob.mx/empresas/grupos/tramites-del-rfc.html]
[www.sat.gob.mx/cs/10_Portlet_Consolidaci%C3%B3nF_Informate%2C0.jpg;filename_=UTF-8''10_Portlet_Consolidaci%C3%B3nF_Informate%2C0f9e9.jpg]
[www.sat.gob.mx/empresas/grupos/comercio-exterior.html]
[www.sat.gob.mx/cs/11_Portlet_Consolidaci%C3%B3nF_Declaraci%C3%B3n%2C0.jpg;filename_=UTF-8''11_Portlet_Consolidaci%C3%B3nF_Declaraci%C3%B3n%2C01c74.jpg]
[www.sat.gob.mx/cs/12_Portlet_Consolidaci%C3%B3nF_Aplicaciones%2C0.jpg;filename_=UTF-8''12_Portlet_Consolidaci%C3%B3nF_Aplicaciones%2C0c97e.jpg]
[www.sat.gob.mx/empresas/grupos.html]
[www.sat.gob.mx/cs/06_0241.AGSC.ACGSTME.TR.Solicituddelcertificadodee.firmaPMorales%2C0.jpg;filename_=UTF-8''06_0241.AGSC.ACGSTME.TR.Solicituddelcertificadodee.firmaPMorales%2C012b8.jpg]
[www.sat.gob.mx/tramites/35453/incorpora-una-sociedad-al-regimen-opcional-para-grupos-de-sociedades-.html]
[www.sat.gob.mx/cs/Satellitea09b.html]
[www.sat.gob.mx/tramites/02811/deja-de-aplicar-el-regimen-opcional--para-grupos-de-sociedades.html]
[www.sat.gob.mx/cs/Satellite711d.html]
[www.sat.gob.mx/cs/Satellite04fa.html]
[www.sat.gob.mx/cs/Satellitefda7.html]
[www.sat.gob.mx/cs/Satellite144d.html]
[www.sat.gob.mx/empresas/grupos/otros-tramites-y-servicios.html]
[www.sat.gob.mx/cs/Satellite3ec7.html]
[www.sat.gob.mx/cs/Satellite715e.html]
[www.sat.gob.mx/cs/Satellite57c3.html]
[www.sat.gob.mx/cs/Satellitedc32.html]
[www.sat.gob.mx/cs/Satelliteb096.html]
[www.sat.gob.mx/cs/Satellite81e0.html]
[www.sat.gob.mx/cs/Satellite27aa.html]
[www.sat.gob.mx/cs/Satellite2630.html]
[www.sat.gob.mx/cs/23_Portlet_Grupos_Declaraci%C3%B3n%2C0.jpg;filename_=UTF-8''23_Portlet_Grupos_Declaraci%C3%B3n%2C00d4f.jpg]
[www.sat.gob.mx/cs/Satellite77c1.html]
[www.sat.gob.mx/cs/24_Portlet_Grupos_Aplicaciones%2C0.jpg;filename_=UTF-8''24_Portlet_Grupos_Aplicaciones%2C0277b.jpg]
[www.sat.gob.mx/empresas/coordinados.html]
[www.sat.gob.mx/satys/css/style.css]
[www.sat.gob.mx/satys/css/sidebar.css]
[www.sat.gob.mx/satys/css/carrusel.css]
[www.sat.gob.mx/aplicacion/30796/proveedor-de-certificacion-de-factura-electronica-.html]
[www.sat.gob.mx/cs/Satelliteb324]
[www.sat.gob.mx/cs/Satellite8df4]
[www.sat.gob.mx/cs/01_carrusel_BuscadorCorreosApocrifo2.jpg;filename_=UTF-8''01_carrusel_BuscadorCorreosApocrifo2e202.jpg]
[www.sat.gob.mx/aplicacion/82915/servicios-gratuitos-ofrecidos-por-los-proveedores-de-certificacion-de-factura-electronica-autorizados-por-el-sat.html]
[www.sat.gob.mx/cs/%5B2516%5DNoticia_01_ComunicadoSAT.JPG;filename_=UTF-8''%5B2516%5DNoticia_01_ComunicadoSAT4405.JPG]
[www.sat.gob.mx/cs/2046.NO.jpg;filename_=UTF-8''2046.NOb59e.jpg]
[www.sat.gob.mx/noticias/01993/correos-falsos-identificados.html]
[www.sat.gob.mx/cs/04_MalasPracticas_Factura.jpg;filename_=UTF-8''04_MalasPracticas_Factura8396.jpg]
[www.sat.gob.mx/noticias/81142/publica-el-sat-disposiciones-para-regularizar-el-cumplimiento-de-obligaciones-a-contribuyentes-que-realizan-actividades-vulnerables.html]
[www.sat.gob.mx/noticias/20572/conoce-las-practicas-indebidas-en-la-emision-de-facturas.html]
[www.sat.gob.mx/noticias/18903/_tienes-empleados_-utiliza-nomina-mis-cuentas.html]
[www.sat.gob.mx/cs/2047.NO.jpg;filename_=UTF-8''2047.NO3b5c.jpg]
[www.sat.gob.mx/cs/2123.NO.jpg;filename_=UTF-8''2123.NO86c2.jpg]
[www.sat.gob.mx/cs/modificaciones_atualizaciones_factura.jpg;filename_=UTF-8''modificaciones_atualizaciones_factura7e8e.jpg]
[www.sat.gob.mx/noticias/90949/conoce-el-vencimiento-de-tu-declaracion-bimestral.html]
[www.sat.gob.mx/noticias/03317/consulta-si-tienes-notificaciones-por-estrados-y-edictos.html]
[www.sat.gob.mx/cs/01.NO.jpg;filename_=UTF-8''01.NO9b03.jpg]
[www.sat.gob.mx/cs/%5B2536%5DNoticia_03_CFDI_Divisas.jpg;filename_=UTF-8''%5B2536%5DNoticia_03_CFDI_Divisase2e3.jpg]
[www.sat.gob.mx/noticias/70404/conoce-los-cambios-en-las-guias-de-llenado.html]
[www.sat.gob.mx/cs/%5B2530%5DNoticia_02_GN_FacGlobal_Hidrocarburos.jpg;filename_=UTF-8''%5B2530%5DNoticia_02_GN_FacGlobal_Hidrocarburose18c.jpg]
[www.sat.gob.mx/noticias/80755/recibe-notificaciones-electronicas-en-tu-buzon-tributario.html]
[www.sat.gob.mx/cs/%5B2529%5DNoticia_01_GN_Com_Plataformas_Tecnol%C3%B3gicas.jpg;filename_=UTF-8''%5B2529%5DNoticia_01_GN_Com_Plataformas_Tecnol%C3%B3gicasc7b9.jpg]
[www.sat.gob.mx/cs/Noticias_PlataformaPetrolera.png;filename_=UTF-8''Noticias_PlataformaPetroleraf83b.png]
[www.sat.gob.mx/noticias/60713/comprobantes-fiscales-para-los-centros-cambiarios.html]
[www.sat.gob.mx/cs/01_HidrocarburosFacturaGlobal_Noticia.jpg;filename_=UTF-8''01_HidrocarburosFacturaGlobal_Noticiadf89.jpg]
[www.sat.gob.mx/noticias/06843/eliminacion-de-la-factura-global-para-hidrocarburos.html]
[www.sat.gob.mx/cs/2014.NO.jpg;filename_=UTF-8''2014.NO444d.jpg]
[www.sat.gob.mx/satys/imgie/calendario.png]
[www.sat.gob.mx/personas/ultimas-noticias.html]
[www.sat.gob.mx/satys/js/plugins/base64.js]
[www.sat.gob.mx/noticias/67604/conoce-las-nuevas-preguntas-sobre-la-dioic-y-la-emision-de-cfdi-por-operadores-de-consorcios-petroleros.html]
[www.sat.gob.mx/noticias/97802/se-amplia-el-plazo-para-el-uso-de-la-facilidad-de-la-factura-global-en-operaciones-con-hidrocarburos-.html]
[www.sat.gob.mx/satys/js/html2canvas.js]
[www.sat.gob.mx/satys/js/plugins/jspdf.js]
[www.sat.gob.mx/satys/js/plugins/jspdf.plugin.split_text_to_size.js]
[www.sat.gob.mx/noticias/75249/cumple-tus-obligaciones-como-sociedad-cooperativa.html]
[www.sat.gob.mx/satys/js/plugins/jspdf.plugin.addhtml.js]
[www.sat.gob.mx/satys/js/plugins/jspdf.plugin.standard_fonts_metrics.js]
[www.sat.gob.mx/satys/js/plugins/jspdf.plugin.from_html.js]
[www.sat.gob.mx/satys/js/imageUtils.js]
[www.sat.gob.mx/satys/jsPDF2/jspdf.plugin.addimage.js]
[www.sat.gob.mx/satys/jsPDF2/jspdf.plugin.png_support.js]
[www.sat.gob.mx/satys/jsPDF2/zlib.js]
[www.sat.gob.mx/satys/jsPDF2/png.js]
[www.sat.gob.mx/satys/jsPDF2/FileSaver.js]
[www.sat.gob.mx/satys/jsPDF2/swfobject.js]
[www.sat.gob.mx/satys/jsPDF2/downloadify.min.js]
[www.sat.gob.mx/personas/SatTyR/Page/SAT_LandingListadoEventos.pdf]
[www.sat.gob.mx/cs/Satellite6c83]
[www.sat.gob.mx/cs/Satellite4638]
[www.sat.gob.mx/satys/imgie/calendarioevento.png]
[www.sat.gob.mx/satys/imgie/favoritos2.png]
[www.sat.gob.mx/personas/calendario.html]
[www.sat.gob.mx/cs/Satellitec5f6]
[www.sat.gob.mx/calendario/85369/vencimiento-de-declaracion-informativa-diot,-coordinados.html]
[www.sat.gob.mx/tramites/52268/agenda-una-cita.html]
[www.sat.gob.mx/normatividad/14362/disposiciones-aplicables-al-regimen-de-asalariados.html]
[www.sat.gob.mx/normatividad/42656/disposiciones-aplicables-al-regimen-de-arrendadores.html]
[www.sat.gob.mx/normatividad/15474/disposiciones-aplicables-al-regimen-de-incorporacion-fiscal.html]
[www.sat.gob.mx/normatividad/15358/disposiciones-aplicables-al-regimen-de-empresarios-y-profesionales.html]
[www.sat.gob.mx/normatividad/74350/acuerdos.html]
[www.sat.gob.mx/normatividad/63896/formas-y-formatos-fiscales.html]
[www.sat.gob.mx/normatividad/74448/decretos.html]
[www.sat.gob.mx/normatividad/74390/leyes.html]
[www.sat.gob.mx/normatividad/14002/disposiciones-aplicables-al-regimen-de-otros-ingresos.html]
[www.sat.gob.mx/normatividad/89490/manuales-y-lineamientos.html]
[www.sat.gob.mx/normatividad/56112/rmf-y-rgce-2024.html]
[www.sat.gob.mx/normatividad/89590/reglamentos.html]
[www.sat.gob.mx/normatividad/87837/-rmf-y-rgce-2023.html]
[www.sat.gob.mx/normatividad/33258/acuerdos.html]
[www.sat.gob.mx/normatividad/81977/decretos.html]
[www.sat.gob.mx/normatividad/60000/formas-y-formatos-fiscales.html]
[www.sat.gob.mx/normatividad/81925/leyes.html]
[www.sat.gob.mx/normatividad/82013/manuales-y-lineamientos.html]
[www.sat.gob.mx/normatividad/67318/acuerdos.html]
[www.sat.gob.mx/normatividad/82774/reglamentos.html]
[www.sat.gob.mx/normatividad/14538/criterios-normativos-y-no-vinculativos-en-materia-de-comercio-exterior-y-aduanal.html]
[www.sat.gob.mx/normatividad/68173/decretos.html]
[www.sat.gob.mx/normatividad/87020/formas-y-formatos-fiscales.html]
[www.sat.gob.mx/normatividad/68325/manuales-y-lineamientos.html]
[www.sat.gob.mx/normatividad/68264/leyes.html]
[www.sat.gob.mx/normatividad/14560/formatos-oficiales-y-modelos-en-materia-de-comercio-exterior.html]
[www.sat.gob.mx/normatividad/69203/reglamentos.html]
[www.sat.gob.mx/normatividad/50842/resolucion-de-facilidades-administrativas.html]
[www.sat.gob.mx/normatividad/57558/resolucion-miscelanea-fiscal---rmf.html]
[www.sat.gob.mx/normatividad/46526/tratados-en-materia-fiscal-y-cuestiones-relacionadas.html]
[www.sat.gob.mx/normatividad/14537/reglas-generales-de-comercio-exterior-(rgce).html]
[www.sat.gob.mx/normatividad/26678/versiones-anticipadas-de-la-rfa.html]
[www.sat.gob.mx/normatividad/14584/versiones-compiladas-de-las-reglas-generales-de-comercio-exterior.html]
[www.sat.gob.mx/normatividad/10255/acuerdos.html]
[www.sat.gob.mx/normatividad/22375/versiones-anticipadas-de-la-rmf.html]
[www.sat.gob.mx/normatividad/12820/decretos.html]
[www.sat.gob.mx/normatividad/14611/versiones-anticipadas-de-las-rgce.html]
[www.sat.gob.mx/normatividad/12883/leyes.html]
[www.sat.gob.mx/normatividad/12895/manuales-y-lineamientos.html]
[www.sat.gob.mx/normatividad/68603/criterios-normativos-en-materia-fiscal-2021.html]
[www.sat.gob.mx/normatividad/68428/criterios-no-vinculativos-2021.html]
[www.sat.gob.mx/normatividad/83096/otras-disposiciones-fiscales-publicadas-en-el-diario-oficial-de-la-federacion.html]
[www.sat.gob.mx/normatividad/12922/reglamentos-.html]
[www.sat.gob.mx/normatividad/63787/formas-y-formatos-fiscales.html]
[www.sat.gob.mx/normatividad/98105/tratados-en-materia-fiscal-y-cuestiones-relacionadastratados-en-materia-fiscal-y-cuestiones-relacionadas.html]
[www.sat.gob.mx/normatividad/82574/resolucion-de-facilidades-administrativas.html]
[www.sat.gob.mx/normatividad/58521/resolucion-miscelanea-fiscal-(rmf)-.html]
[www.sat.gob.mx/normatividad/84600/versiones-anticipadas-de-la-rfa.html]
[www.sat.gob.mx/normatividad/23669/versiones-anticipadas-de-la-rmf.html]
[www.sat.gob.mx/normatividad/11461/criterios-no-vinculativos-2020.html]
[www.sat.gob.mx/normatividad/12512/criterios-normativos-en-materia-fiscal-2020.html]
[www.sat.gob.mx/normatividad/80100/criterios-normativos-y-no-vinculativos-en-materia-de-comercio-exterior-y-aduanal.html]
[www.sat.gob.mx/normatividad/18913/decretos.html]
[www.sat.gob.mx/normatividad/18912/leyes-fiscales.html]
[www.sat.gob.mx/normatividad/18911/manuales-y-lineamientos.html]
[www.sat.gob.mx/normatividad/18910/otras-disposiciones-fiscales-publicadas-en-el-diario-oficial-de-la-federacion.html]
[www.sat.gob.mx/normatividad/18909/reglamentos.html]
[www.sat.gob.mx/normatividad/38606/formas-y-formatos-fiscales-en-materia-de-comercio-exterior.html]
[www.sat.gob.mx/normatividad/61128/resolucion-de-facilidades-administrativas.html]
[www.sat.gob.mx/normatividad/36272/reglas-generales-de-comercio-exterior-(rgce).html]
[www.sat.gob.mx/normatividad/11800/versiones-compiladas-de-las-reglas-generales-de-comercio-exterior-2020.html]
[www.sat.gob.mx/normatividad/21127/resolucion-miscelanea-fiscal-(rmf)-.html]
[www.sat.gob.mx/normatividad/74235/versiones-anticipadas-de-las-rgce.html]
[www.sat.gob.mx/normatividad/31597/versiones-anticipadas-de-la-rfa.html]
[www.sat.gob.mx/normatividad/58905/versiones-anticipadas-de-las-rmf.html]
[www.sat.gob.mx/normatividad/53901/criterios-normativos-en-materia-fiscal.html]
[www.sat.gob.mx/normatividad/53339/acuerdo.html]
[www.sat.gob.mx/normatividad/53784/criterios-no-vinculativos.html]
[www.sat.gob.mx/normatividad/13018/criterios-normativos-y-no-vinculativos-en-materia-de-comercio-exterior-y-aduanal.html]
[www.sat.gob.mx/normatividad/54787/instructivo-de-operacion-para-la-recepcion-de-contribuciones-al-comercio-exterior-.html]
[www.sat.gob.mx/normatividad/54279/decretos.html]
[www.sat.gob.mx/normatividad/55149/manuales-y-lineamientos.html]
[www.sat.gob.mx/normatividad/55363/otras-disposiciones-fiscales-publicadas-en-el-diario-oficial-de-la-federacion.html]
[www.sat.gob.mx/normatividad/54599/formas-y-formatos-fiscales-en-materia-de-comercio-exterior.html]
[www.sat.gob.mx/normatividad/55618/reglamentos.html]
[www.sat.gob.mx/normatividad/60276/resolucion-miscelanea-fiscal-.html]
[www.sat.gob.mx/normatividad/57960/reglas-generales-de-comercio-exterior.html]
[www.sat.gob.mx/normatividad/32514/resolucion-de-facilidades-administrativas.html]
[www.sat.gob.mx/normatividad/61510/versiones-anticipadas-de-las-rmf.html]
[www.sat.gob.mx/normatividad/82087/versiones-anticipadas-rfa.html]
[www.sat.gob.mx/normatividad/12536/criterios.html]
[www.sat.gob.mx/normatividad/12469/acuerdo.html]
[www.sat.gob.mx/normatividad/97191/decretos.html]
[www.sat.gob.mx/normatividad/21803/instructivo-de-operacion-para-la-recepcion-de-contribuciones-al-comercio-exterior.html]
[www.sat.gob.mx/normatividad/14307/formas-y-formatos-fiscales.html]
[www.sat.gob.mx/normatividad/27577/leyes-fiscales.html]
[www.sat.gob.mx/normatividad/27759/manuales.html]
[www.sat.gob.mx/normatividad/57709/formas-y-formatos-fiscales-en-materia-de-comercio-exterior.html]
[www.sat.gob.mx/normatividad/35753/otras-disposiciones-fiscales-publicadas-en-el-diario-oficial-de-la-federacion.html]
[www.sat.gob.mx/normatividad/36662/reglamentos.html]
[www.sat.gob.mx/normatividad/37093/resolucion-de-facilidades-administrativas.html]
[www.sat.gob.mx/normatividad/36779/reglas-generales-de-comercio-exterior.html]
[www.sat.gob.mx/normatividad/37231/resolucion-miscelanea-fiscal-.html]
[www.sat.gob.mx/normatividad/36882/versiones-anticipadas-de-las-rgce.html]
[www.sat.gob.mx/normatividad/22185/formas-y-formatos-fiscales.html]
[www.sat.gob.mx/normatividad/37375/versiones-anticipadas-de-las-rmf.html]
[www.sat.gob.mx/normatividad/58780/criterios.html]
[www.sat.gob.mx/normatividad/10390/acuerdo.html]
[www.sat.gob.mx/normatividad/96006/instructivo-de-operacion-para-la-recepcion-de-contribuciones-al-comercio-exterior.html]
[www.sat.gob.mx/normatividad/40214/manuales.html]
[www.sat.gob.mx/normatividad/16489/leyes-fiscales.html]
[www.sat.gob.mx/normatividad/07809/formas-y-formatos-fiscales-en-materia-de-comercio-exterior.html]
[www.sat.gob.mx/normatividad/92505/otras-disposiciones-fiscales-publicadas-en-el-diario-oficial-de-la-federacion.html]
[www.sat.gob.mx/normatividad/61774/reglamentos.html]
[www.sat.gob.mx/personas/normatividad.html]
[www.sat.gob.mx/personas/contacto.html]
[www.sat.gob.mx/personas/consultas-de-orientacion.html]
[www.sat.gob.mx/personas/ayuda.html]
[www.sat.gob.mx/personas/iniciar-sesion.html]
[www.sat.gob.mx/personas/declaraciones.html]
[www.sat.gob.mx/normatividad/97466/reglas-generales-de-comercio-exterior.html]
[www.sat.gob.mx/personas/factura-electronica.html]
[www.sat.gob.mx/aplicacion/login/28889/obten-tu-cedula-de-identificacion-fiscal.html]
[www.sat.gob.mx/aplicacion/login/43824/reimprime-tus-acuses-del-rfc.html]
[www.sat.gob.mx/tramites/28753/obten-tu-rfc-con-la-clave-unica-de-registro-de-poblacion-curp.html]
[www.sat.gob.mx/tramites/operacion/29903/inscribe-a-tus-trabajadores-en-el-rfc.html]
[www.sat.gob.mx/personas/tramites-del-rfc.html]
[www.sat.gob.mx/tramites/89573/consulta-y-paga-tus-adeudos-fiscales-si-estas-inscrito-al-rfc.html]
[www.sat.gob.mx/tramites/operacion/89277/paga-tus-adeudos-fiscales-a-plazos-o-en-un-solo-pago.html]
[www.sat.gob.mx/tramites/17183/garantiza-tus-adeudos-fiscales.html]
[www.sat.gob.mx/tramites/17384/cancela-tu-garantia.html]
[www.sat.gob.mx/tramites/operacion/17503/solicita-la-reduccion-de-tus-multas.html]
[www.sat.gob.mx/personas/adeudos-fiscales.html]
[www.sat.gob.mx/consultas/login/93266/seguimiento-de-tramites-y-requerimientos.html]
[www.sat.gob.mx/tramites/login/24016/solicita-tu-devolucion.html]
[www.sat.gob.mx/tramites/login/26089/presenta-la-correccion-de-cuenta-clabe.html]
[www.sat.gob.mx/personas/devoluciones-y-compensaciones.html]
[www.sat.gob.mx/aplicacion/operacion/65837/subastasat.html]
[www.sat.gob.mx/aplicacion/login/53027/genera-tu-constancia-de-situacion-fiscal.html]
[www.sat.gob.mx/personas/otros-tramites-y-servicios.html]
[www.sat.gob.mx/tramites/login/46063/inscribete-en-el-padron-de-importadores.html]
[www.sat.gob.mx/tramites/login/45804/solicita-autorizacion-para-importar-por-unica-vez-sin-estar-inscrito-en-el-padron-de-importadores.html]
[www.sat.gob.mx/tramites/46930/realiza-tu-inscripcion-en-el-padron-de-exportadores-sectorial.html]
[www.sat.gob.mx/tramites/58799/presenta-aviso-para-el-retorno-seguro-de-tu-vehiculo-.html]
[www.sat.gob.mx/personas/comercio-exterior.html]
[www.sat.gob.mx/tramites/03655/cedula-de-datos-fiscales.html]
[www.sat.gob.mx/consultas/81393/factura-sat-movil.html]
[www.sat.gob.mx/tramites/17507/envia-la-solicitud-para-tu-certificado-de-sello-digital-para-emitir-facturas-electronicas.html]
[www.sat.gob.mx/aplicacion/26992/realiza-el-calculo-de-tu-nomina-y-genera-la-factura-electronica-en-mis-cuentas.html]
[www.sat.gob.mx/consulta/36383/servicios-disponibles-del-buzon-tributario.html]
[www.sat.gob.mx/consulta/24451/conoce-el-regimen-de-sueldos-y-salarios.html]
[www.sat.gob.mx/consulta/02330/conoce-los-beneficios-del-regimen-de-salarios.html]
[www.sat.gob.mx/consulta/23972/conoce-las-deducciones-personales.html]
[www.sat.gob.mx/consulta/29277/conoce-tus-obligaciones-como-asalariado-y-como-cumplir-con-ellas.html]
[www.sat.gob.mx/consulta/26988/conoce-tus-obligaciones-como-arrendador.html]
[www.sat.gob.mx/consulta/26986/lo-que-debes-conocer-de-tu-regimen-.html]
[www.sat.gob.mx/consulta/55106/conoce-los-beneficios,-facilidades-y-estimulos-del-regimen-de-arrendamiento.html]
[www.sat.gob.mx/consulta/30794/aplicaciones-para-cumplir-con-tus-obligaciones.html]
[www.sat.gob.mx/consulta/04950/conoce-el-regimen-de-actividad-empresarial-y-profesional.html]
[www.sat.gob.mx/consulta/30167/conoce-cuales-son-las-obligaciones-fiscales-del-regimen-de-actividades-empresariales.html]
[www.sat.gob.mx/consulta/05084/conoce-las-aplicaciones-para-cumplir-con-tus-obligaciones-como-persona-fisica-con-actividades-empresariales.html]
[www.sat.gob.mx/declaracion/23891/presenta-tu-declaracion-anual-de-personas-fisicas-para-el-ejercicio-2023.html]
[www.sat.gob.mx/tramites/89277/paga-tus-adeudos-fiscales-a-plazos-o-en-un-solo-pago.html]
[www.sat.gob.mx/tramites/99006/reduce-tus-multas-y-solicita-la-aplicacion-de-una-tasa-preferencial-para-el-pago-de-tus-adeudos.html]
[www.sat.gob.mx/tramites/00690/pagos-a-cuenta,-por-periodo-o-ejercicio-de-adeudos-fiscales.html]
[www.sat.gob.mx/personas/derechos-de-los-contribuyentes.html]
[www.sat.gob.mx/Firefox/index.html]
[www.sat.gob.mx/Chrome/index.html]
[www.sat.gob.mx/Opera/index.html]
[www.sat.gob.mx/Safari/index.html]
[www.sat.gob.mx/satys/css/style0b0e.css]
[www.sat.gob.mx/satys/css/sidebar0b0e.css]
[www.sat.gob.mx/satys/css/media_queries.css]
[www.sat.gob.mx/satys/css/datatables.css]
[www.sat.gob.mx/satys/css/datatables.responsive.css]
[www.sat.gob.mx/satys/js/jquery-ui/jquery-ui.min.css]
[www.sat.gob.mx/satys/css/slider.css]
[www.sat.gob.mx/satys/css/jsp.css]
[www.sat.gob.mx/satys/css/sequence-theme.basic.css]
[www.sat.gob.mx/satys/css/owl.video.play.html]
[www.sat.gob.mx/empresas/calendario.html]
[www.sat.gob.mx/empresas/normatividad.html]
[www.sat.gob.mx/empresas/contacto.html]
[www.sat.gob.mx/empresas/consultas-de-orientacion.html]
[www.sat.gob.mx/empresas/ayuda.html]
[www.sat.gob.mx/empresas/iniciar-sesion.html]
[www.sat.gob.mx/empresas/declaraciones.html]
[www.sat.gob.mx/empresas/factura-electronica.html]
[www.sat.gob.mx/tramites/login/34937/presenta-el-aviso-de-actualizacion-de-actividades-economicas-y-obligaciones-de-tu-empresa.html]
[www.sat.gob.mx/tramites/33804/inscribe-tu-empresa-en-el-rfc.html]
[www.sat.gob.mx/empresas/tramites-del-rfc.html]
[www.sat.gob.mx/tramites/operacion/99006/reduce-tus-multas-y-solicita-la-aplicacion-de-una-tasa-preferencial-para-el-pago-de-tus-adeudos.html]
[www.sat.gob.mx/empresas/adeudos-fiscales.html]
[www.sat.gob.mx/tramites/login/25255/solicita-la-devolucion-para-tu-empresa.html]
[www.sat.gob.mx/tramites/login/25550/presenta-el-aviso-de-compensacion-para-tu-empresa.html]
[www.sat.gob.mx/empresas/devoluciones-y-compensaciones.html]
